#
# A fatal error has been detected by the Java Runtime Environment:
#
#  EXCEPTION_ACCESS_VIOLATION (0xc0000005) at pc=0x00007ffea5d68de7, pid=3348, tid=11704
#
# JRE version: OpenJDK Runtime Environment (21.0.6) (build 21.0.6+-13391695-b895.109)
# Java VM: OpenJDK 64-Bit Server VM (21.0.6+-13391695-b895.109, mixed mode, tiered, compressed oops, compressed class ptrs, g1 gc, windows-amd64)
# Problematic frame:
# V  [jvm.dll+0x5b8de7]
#
# No core dump will be written. Minidumps are not enabled by default on client versions of Windows
#
# If you would like to submit a bug report, please visit:
#   https://youtrack.jetbrains.com/issues/JBR
#

---------------  S U M M A R Y ------------

Command Line: org.jetbrains.kotlin.cli.jvm.K2JVMCompiler @D:\AndroidStudioProjects\public-transport-app\app\build\20250904_15669541790649040271.compiler.options

Host: AMD Ryzen 7 3700U with Radeon Vega Mobile Gfx  , 8 cores, 13G,  Windows 10 , 64 bit Build 19041 (10.0.19041.5915)
Time: Thu Sep  4 10:57:54 2025 Hora estándar, América Central elapsed time: 3.757327 seconds (0d 0h 0m 3s)

---------------  T H R E A D  ---------------

Current thread (0x0000022c7824f260):  JavaThread "C2 CompilerThread2" daemon [_thread_in_native, id=11704, stack(0x000000c7abf00000,0x000000c7ac000000) (1024K)]


Current CompileTask:
C2:3757 2898       4       org.jetbrains.kotlin.parsing.SemanticWhitespaceAwarePsiBuilderImpl::getTokenText (53 bytes)

Stack: [0x000000c7abf00000,0x000000c7ac000000],  sp=0x000000c7abffcc20,  free space=1011k
Native frames: (J=compiled Java code, j=interpreted, Vv=VM code, C=native code)
V  [jvm.dll+0x5b8de7]
V  [jvm.dll+0x3821d0]
V  [jvm.dll+0x38153a]
V  [jvm.dll+0x247c82]
V  [jvm.dll+0x247251]
V  [jvm.dll+0x1c5f04]
V  [jvm.dll+0x2569ac]
V  [jvm.dll+0x254ef6]
V  [jvm.dll+0x3f0e96]
V  [jvm.dll+0x806ed8]
V  [jvm.dll+0x6cef0d]
C  [ucrtbase.dll+0x21bb2]
C  [KERNEL32.DLL+0x17374]
C  [ntdll.dll+0x4cc91]


siginfo: EXCEPTION_ACCESS_VIOLATION (0xc0000005), reading address 0xffffffffffffffff


Registers:
RAX=0x0000022c76f358d0, RBX=0x0000022c76746628, RCX=0x0000022c76746620, RDX=0x0000022c7795ab50
RSP=0x000000c7abffcc20, RBP=0x000000c7abffcd20, RSI=0x0000000000000000, RDI=0x0000000000000000
R8 =0x0000000000000001, R9 =0x000400000000168f, R10=0x0000000000001b04, R11=0x0000022c76746640
R12=0x0000000000000001, R13=0x000000c7abffd220, R14=0x000000c7abffcd90, R15=0x0000000000000000
RIP=0x00007ffea5d68de7, EFLAGS=0x0000000000010283

XMM[0]=0x0000000000000000 0x0000000000000000
XMM[1]=0x000000000000000a 0x0000000000000000
XMM[2]=0x0000022c7528aad8 0x0000022c75289f18
XMM[3]=0x0000000000000000 0x0000000000000000
XMM[4]=0x0000000000000000 0x0000000000000000
XMM[5]=0x0000022c77750e08 0x0000022c77750cb8
XMM[6]=0x0000000000000000 0x0000000000000000
XMM[7]=0x0000000000000000 0x0000000000000000
XMM[8]=0x0000000000000000 0x0000000000000000
XMM[9]=0x0000000000000000 0x0000000000000000
XMM[10]=0x0000000000000000 0x0000000000000000
XMM[11]=0x0000000000000000 0x0000000000000000
XMM[12]=0x0000000000000000 0x0000000000000000
XMM[13]=0x0000000000000000 0x0000000000000000
XMM[14]=0x0000000000000000 0x0000000000000000
XMM[15]=0x0000000000000000 0x0000000000000000
  MXCSR=0x00001fa0


Register to memory mapping:

RAX=0x0000022c76f358d0 points into unknown readable memory: 0x0000022c779c2aa0 | a0 2a 9c 77 2c 02 00 00
RBX=0x0000022c76746628 points into unknown readable memory: 0x00007ffea60e06c0 | c0 06 0e a6 fe 7f 00 00
RCX=0x0000022c76746620 points into unknown readable memory: 0x000400000000168f | 8f 16 00 00 00 00 04 00
RDX=0x0000022c7795ab50 points into unknown readable memory: 0xffffffff00000000 | 00 00 00 00 ff ff ff ff
RSP=0x000000c7abffcc20 is pointing into the stack for thread: 0x0000022c7824f260
RBP=0x000000c7abffcd20 is pointing into the stack for thread: 0x0000022c7824f260
RSI=0x0 is null
RDI=0x0 is null
R8 =0x0000000000000001 is an unknown value
R9 =0x000400000000168f is an unknown value
R10=0x0000000000001b04 is an unknown value
R11=0x0000022c76746640 points into unknown readable memory: 0x0000022c00000010 | 10 00 00 00 2c 02 00 00
R12=0x0000000000000001 is an unknown value
R13=0x000000c7abffd220 is pointing into the stack for thread: 0x0000022c7824f260
R14=0x000000c7abffcd90 is pointing into the stack for thread: 0x0000022c7824f260
R15=0x0 is null

Top of Stack: (sp=0x000000c7abffcc20)
0x000000c7abffcc20:   0000022c76746788 0000022c76746788
0x000000c7abffcc30:   0000022c75cad6e0 000000c7abffcd90
0x000000c7abffcc40:   000000c7abffcdf8 0000022c00000001
0x000000c7abffcc50:   0000022c7831e0a0 00007ffea5fb78dd
0x000000c7abffcc60:   0000000100000006 0000022c76f7fbf0
0x000000c7abffcc70:   000000c700000004 0000022c778d4940
0x000000c7abffcc80:   0000000000000000 0000000000000030
0x000000c7abffcc90:   0000022c76f7fbf0 0000000000000004
0x000000c7abffcca0:   0000022c778d4920 0000022c00000000
0x000000c7abffccb0:   0000022c780597d0 0000022c780597d0
0x000000c7abffccc0:   0000022c76f7fbf0 0000022c78316070
0x000000c7abffccd0:   00000000001b0420 0000022c7831e080
0x000000c7abffcce0:   0000022c7831e080 00007ffe00000040
0x000000c7abffccf0:   0000022c761586c0 0000000000000040
0x000000c7abffcd00:   0000000000006c68 000000c7abffd220
0x000000c7abffcd10:   0000000000007fd8 00007ffea58704a3
0x000000c7abffcd20:   0000022c7831e0a0 0000022c70beba10
0x000000c7abffcd30:   000000c7abffd220 0000022c70beba00
0x000000c7abffcd40:   0000022c70bebde8 00000000000000c0
0x000000c7abffcd50:   000000c7abffce60 00007ffea5b321d0
0x000000c7abffcd60:   00000000000003d8 0000000000001b00
0x000000c7abffcd70:   000000c7abffcd90 000000c7abffcdf8
0x000000c7abffcd80:   0000022c7831e0a0 0000022cfa00f10b
0x000000c7abffcd90:   00001b1a00001b1a 0000022c7795ab50
0x000000c7abffcda0:   0000000000000000 0000000000000007
0x000000c7abffcdb0:   0000022c70beba00 0000022c78008e50
0x000000c7abffcdc0:   0000022c7800a180 0000022c78010e38
0x000000c7abffcdd0:   0000000000516990 0000022c77f593b0
0x000000c7abffcde0:   0000022c77f60050 0000022c77f593c0
0x000000c7abffcdf0:   0000022c76f7fbf0 0000022c00000100
0x000000c7abffce00:   0000022c77f58fc0 0000000000000100
0x000000c7abffce10:   0000022c76f7fbf0 0000022c776219c0 

Instructions: (pc=0x00007ffea5d68de7)
0x00007ffea5d68ce7:   eb 72 45 3b e7 73 0d 48 8b 43 20 41 8b cc 4c 8b
0x00007ffea5d68cf7:   24 c8 eb 03 45 33 e4 41 3b f7 72 0b 8b d6 48 8d
0x00007ffea5d68d07:   4b 10 e8 62 47 0f 00 48 8b 43 20 48 8b 4c 24 68
0x00007ffea5d68d17:   4c 89 24 01 44 8b 64 24 44 44 3b 63 18 72 0c 41
0x00007ffea5d68d27:   8b d4 48 8d 4b 10 e8 3e 47 0f 00 48 8b 43 20 4a
0x00007ffea5d68d37:   89 3c e0 41 ff c4 80 3d e2 a8 57 00 00 44 89 64
0x00007ffea5d68d47:   24 44 74 0d 80 7d 48 00 74 07 81 4f 30 00 10 00
0x00007ffea5d68d57:   00 45 33 ff 4c 8b 75 50 48 8b 4c 24 68 ff c6 48
0x00007ffea5d68d67:   83 c1 08 48 89 4c 24 68 3b 74 24 40 0f 82 3a fe
0x00007ffea5d68d77:   ff ff 3b 73 28 73 29 66 90 3b 73 18 73 0c 48 8b
0x00007ffea5d68d87:   43 20 8b ce 48 8b 14 c8 eb 03 49 8b d7 48 63 4a
0x00007ffea5d68d97:   28 ff c6 49 8b 46 08 44 89 3c 88 3b 73 28 72 d9
0x00007ffea5d68da7:   41 8b f7 45 85 e4 0f 84 93 00 00 00 49 8b ff 3b
0x00007ffea5d68db7:   73 18 73 0a 48 8b 43 20 48 8b 14 07 eb 03 49 8b
0x00007ffea5d68dc7:   d7 48 8b 4a 10 8b 42 20 4c 8d 1c c1 49 3b cb 73
0x00007ffea5d68dd7:   5f 0f 1f 84 00 00 00 00 00 4c 8b 09 49 8b 45 78
0x00007ffea5d68de7:   41 8b 51 28 48 39 1c d0 75 3d 48 63 c2 49 8b 56
0x00007ffea5d68df7:   08 4c 8d 14 85 00 00 00 00 48 8b c2 45 8b 04 12
0x00007ffea5d68e07:   41 ff c8 80 3d 15 a8 57 00 00 74 17 80 7d 48 00
0x00007ffea5d68e17:   74 11 45 85 c0 79 0c 41 81 49 30 00 10 00 00 49
0x00007ffea5d68e27:   8b 46 08 45 89 04 02 48 83 c1 08 49 3b cb 72 a9
0x00007ffea5d68e37:   ff c6 48 83 c7 08 41 3b f4 0f 82 70 ff ff ff 65
0x00007ffea5d68e47:   48 8b 04 25 58 00 00 00 8b 0d e3 09 63 00 48 8b
0x00007ffea5d68e57:   3c c8 b8 34 00 00 00 48 03 c7 48 89 44 24 68 80
0x00007ffea5d68e67:   38 00 75 05 e8 90 5b 2d 00 b8 20 00 00 00 48 03
0x00007ffea5d68e77:   c7 48 89 45 90 48 8b 00 4c 8b 88 18 03 00 00 4c
0x00007ffea5d68e87:   89 4c 24 70 c7 44 24 78 04 00 00 00 49 8b 49 18
0x00007ffea5d68e97:   49 8b 41 20 48 2b c1 48 83 f8 20 72 0a 48 8d 41
0x00007ffea5d68ea7:   20 49 89 41 18 eb 12 45 33 c0 49 8b c9 41 8d 50
0x00007ffea5d68eb7:   20 e8 e3 74 b0 ff 48 8b c8 44 8b 44 24 78 33 d2
0x00007ffea5d68ec7:   49 c1 e0 03 48 89 4d 80 e8 2e 6e 2d 00 b8 34 00
0x00007ffea5d68ed7:   00 00 44 89 7d 88 80 3c 38 00 75 05 e8 18 5b 2d 


Stack slot to memory mapping:

stack at sp + 0 slots: 0x0000022c76746788 points into unknown readable memory: 0x00007ffea60e06c0 | c0 06 0e a6 fe 7f 00 00
stack at sp + 1 slots: 0x0000022c76746788 points into unknown readable memory: 0x00007ffea60e06c0 | c0 06 0e a6 fe 7f 00 00
stack at sp + 2 slots: 0x0000022c75cad6e0 points into unknown readable memory: 0x00007ffea6097018 | 18 70 09 a6 fe 7f 00 00
stack at sp + 3 slots: 0x000000c7abffcd90 is pointing into the stack for thread: 0x0000022c7824f260
stack at sp + 4 slots: 0x000000c7abffcdf8 is pointing into the stack for thread: 0x0000022c7824f260
stack at sp + 5 slots: 0x0000022c00000001 is an unknown value
stack at sp + 6 slots: 0x0000022c7831e0a0 points into unknown readable memory: 0x000000007fff7fff | ff 7f ff 7f 00 00 00 00
stack at sp + 7 slots: 0x00007ffea5fb78dd jvm.dll


---------------  P R O C E S S  ---------------

Threads class SMR info:
_java_thread_list=0x0000022c76f67070, length=13, elements={
0x0000022c55082540, 0x0000022c709f8450, 0x0000022c709fa0b0, 0x0000022c709fabc0,
0x0000022c709fb220, 0x0000022c709fbc70, 0x0000022c709e0630, 0x0000022c709e33c0,
0x0000022c70a05330, 0x0000022c70bae270, 0x0000022c70bceea0, 0x0000022c7833e0b0,
0x0000022c7824f260
}

Java Threads: ( => current thread )
  0x0000022c55082540 JavaThread "main"                              [_thread_in_vm, id=7432, stack(0x000000c7aa400000,0x000000c7aa500000) (1024K)]
  0x0000022c709f8450 JavaThread "Reference Handler"          daemon [_thread_blocked, id=6112, stack(0x000000c7aac00000,0x000000c7aad00000) (1024K)]
  0x0000022c709fa0b0 JavaThread "Finalizer"                  daemon [_thread_blocked, id=13232, stack(0x000000c7aad00000,0x000000c7aae00000) (1024K)]
  0x0000022c709fabc0 JavaThread "Signal Dispatcher"          daemon [_thread_blocked, id=9296, stack(0x000000c7aae00000,0x000000c7aaf00000) (1024K)]
  0x0000022c709fb220 JavaThread "Attach Listener"            daemon [_thread_blocked, id=836, stack(0x000000c7aaf00000,0x000000c7ab000000) (1024K)]
  0x0000022c709fbc70 JavaThread "Service Thread"             daemon [_thread_blocked, id=8260, stack(0x000000c7ab000000,0x000000c7ab100000) (1024K)]
  0x0000022c709e0630 JavaThread "Monitor Deflation Thread"   daemon [_thread_blocked, id=6704, stack(0x000000c7ab100000,0x000000c7ab200000) (1024K)]
  0x0000022c709e33c0 JavaThread "C2 CompilerThread0"         daemon [_thread_in_native, id=2260, stack(0x000000c7ab200000,0x000000c7ab300000) (1024K)]
  0x0000022c70a05330 JavaThread "C1 CompilerThread0"         daemon [_thread_in_vm, id=1420, stack(0x000000c7ab300000,0x000000c7ab400000) (1024K)]
  0x0000022c70bae270 JavaThread "Notification Thread"        daemon [_thread_blocked, id=7832, stack(0x000000c7ab400000,0x000000c7ab500000) (1024K)]
  0x0000022c70bceea0 JavaThread "Common-Cleaner"             daemon [_thread_blocked, id=10552, stack(0x000000c7ab500000,0x000000c7ab600000) (1024K)]
  0x0000022c7833e0b0 JavaThread "C2 CompilerThread1"         daemon [_thread_in_native, id=11532, stack(0x000000c7ab600000,0x000000c7ab700000) (1024K)]
=>0x0000022c7824f260 JavaThread "C2 CompilerThread2"         daemon [_thread_in_native, id=11704, stack(0x000000c7abf00000,0x000000c7ac000000) (1024K)]
Total: 13

Other Threads:
  0x0000022c7082c300 VMThread "VM Thread"                           [id=6888, stack(0x000000c7aab00000,0x000000c7aac00000) (1024K)]
  0x0000022c707c6390 WatcherThread "VM Periodic Task Thread"        [id=7968, stack(0x000000c7aaa00000,0x000000c7aab00000) (1024K)]
  0x0000022c573eb880 WorkerThread "GC Thread#0"                     [id=8860, stack(0x000000c7aa500000,0x000000c7aa600000) (1024K)]
  0x0000022c7558de50 WorkerThread "GC Thread#1"                     [id=8356, stack(0x000000c7ab700000,0x000000c7ab800000) (1024K)]
  0x0000022c7558e600 WorkerThread "GC Thread#2"                     [id=9720, stack(0x000000c7ab800000,0x000000c7ab900000) (1024K)]
  0x0000022c7558e9a0 WorkerThread "GC Thread#3"                     [id=12844, stack(0x000000c7ab900000,0x000000c7aba00000) (1024K)]
  0x0000022c7553ef40 WorkerThread "GC Thread#4"                     [id=9300, stack(0x000000c7aba00000,0x000000c7abb00000) (1024K)]
  0x0000022c755782d0 WorkerThread "GC Thread#5"                     [id=13156, stack(0x000000c7abb00000,0x000000c7abc00000) (1024K)]
  0x0000022c756cd2c0 WorkerThread "GC Thread#6"                     [id=9260, stack(0x000000c7abc00000,0x000000c7abd00000) (1024K)]
  0x0000022c756cc0a0 WorkerThread "GC Thread#7"                     [id=12424, stack(0x000000c7abd00000,0x000000c7abe00000) (1024K)]
  0x0000022c573fafb0 ConcurrentGCThread "G1 Main Marker"            [id=9112, stack(0x000000c7aa600000,0x000000c7aa700000) (1024K)]
  0x0000022c573fb9c0 WorkerThread "G1 Conc#0"                       [id=4780, stack(0x000000c7aa700000,0x000000c7aa800000) (1024K)]
  0x0000022c756ccf20 WorkerThread "G1 Conc#1"                       [id=12252, stack(0x000000c7abe00000,0x000000c7abf00000) (1024K)]
  0x0000022c5745e9c0 ConcurrentGCThread "G1 Refine#0"               [id=11548, stack(0x000000c7aa800000,0x000000c7aa900000) (1024K)]
  0x0000022c70696640 ConcurrentGCThread "G1 Service"                [id=4680, stack(0x000000c7aa900000,0x000000c7aaa00000) (1024K)]
Total: 15

Threads with active compile tasks:
C2 CompilerThread0  3784 2963       4       org.jetbrains.kotlin.com.intellij.lang.impl.MarkerProduction::findSameLexemeGroupStart (23 bytes)
C1 CompilerThread0  3784 3023       3       org.jetbrains.kotlin.fir.builder.Context::popContainerSymbol (220 bytes)
C2 CompilerThread1  3784 2968       4       org.jetbrains.kotlin.parsing.KotlinExpressionParsing$Precedence::parseHigherPrecedence (30 bytes)
C2 CompilerThread2  3784 2898       4       org.jetbrains.kotlin.parsing.SemanticWhitespaceAwarePsiBuilderImpl::getTokenText (53 bytes)
Total: 4

VM state: not at safepoint (normal execution)

VM Mutex/Monitor currently owned by a thread: None

Heap address: 0x0000000721400000, size: 3564 MB, Compressed Oops mode: Zero based, Oop shift amount: 3

CDS archive(s) not mapped
Compressed class space mapped at: 0x0000000800000000-0x0000000840000000, reserved size: 1073741824
Narrow klass base: 0x0000000800000000, Narrow klass shift: 0, Narrow klass range: 0x40000000

GC Precious Log:
 CardTable entry size: 512
 Card Set container configuration: InlinePtr #cards 4 size 8 Array Of Cards #cards 16 size 48 Howl #buckets 8 coarsen threshold 3686 Howl Bitmap #cards 512 size 80 coarsen threshold 460 Card regions per heap region 1 cards per card region 4096
 CPUs: 8 total, 8 available
 Memory: 14249M
 Large Page Support: Disabled
 NUMA Support: Disabled
 Compressed Oops: Enabled (Zero based)
 Heap Region Size: 2M
 Heap Min Capacity: 8M
 Heap Initial Capacity: 224M
 Heap Max Capacity: 3564M
 Pre-touch: Disabled
 Parallel Workers: 8
 Concurrent Workers: 2
 Concurrent Refinement Workers: 8
 Periodic GC: Disabled

Heap:
 garbage-first heap   total 139264K, used 36403K [0x0000000721400000, 0x0000000800000000)
  region size 2048K, 11 young (22528K), 2 survivors (4096K)
 Metaspace       used 42851K, committed 43072K, reserved 1114112K
  class space    used 4946K, committed 5056K, reserved 1048576K

Heap Regions: E=young(eden), S=young(survivor), O=old, HS=humongous(starts), HC=humongous(continues), CS=collection set, F=free, TAMS=top-at-mark-start, PB=parsable bottom
|   0|0x0000000721400000, 0x0000000721600000, 0x0000000721600000|100%|HS|  |TAMS 0x0000000721400000| PB 0x0000000721400000| Complete 
|   1|0x0000000721600000, 0x0000000721800000, 0x0000000721800000|100%|HC|  |TAMS 0x0000000721600000| PB 0x0000000721600000| Complete 
|   2|0x0000000721800000, 0x0000000721a00000, 0x0000000721a00000|100%| O|  |TAMS 0x0000000721800000| PB 0x0000000721800000| Untracked 
|   3|0x0000000721a00000, 0x0000000721c00000, 0x0000000721c00000|100%| O|  |TAMS 0x0000000721a00000| PB 0x0000000721a00000| Untracked 
|   4|0x0000000721c00000, 0x0000000721e00000, 0x0000000721e00000|100%| O|  |TAMS 0x0000000721c00000| PB 0x0000000721c00000| Untracked 
|   5|0x0000000721e00000, 0x0000000722000000, 0x0000000722000000|100%| O|  |TAMS 0x0000000721e00000| PB 0x0000000721e00000| Untracked 
|   6|0x0000000722000000, 0x0000000722200000, 0x0000000722200000|100%| O|  |TAMS 0x0000000722000000| PB 0x0000000722000000| Untracked 
|   7|0x0000000722200000, 0x0000000722400000, 0x0000000722400000|100%| O|Cm|TAMS 0x0000000722200000| PB 0x0000000722200000| Complete 
|   8|0x0000000722400000, 0x000000072245c300, 0x0000000722600000| 18%| O|  |TAMS 0x0000000722400000| PB 0x0000000722400000| Untracked 
|   9|0x0000000722600000, 0x0000000722600000, 0x0000000722800000|  0%| F|  |TAMS 0x0000000722600000| PB 0x0000000722600000| Untracked 
|  10|0x0000000722800000, 0x0000000722800000, 0x0000000722a00000|  0%| F|  |TAMS 0x0000000722800000| PB 0x0000000722800000| Untracked 
|  11|0x0000000722a00000, 0x0000000722b30920, 0x0000000722c00000| 59%| S|CS|TAMS 0x0000000722a00000| PB 0x0000000722a00000| Complete 
|  12|0x0000000722c00000, 0x0000000722e00000, 0x0000000722e00000|100%| S|CS|TAMS 0x0000000722c00000| PB 0x0000000722c00000| Complete 
|  13|0x0000000722e00000, 0x0000000722e00000, 0x0000000723000000|  0%| F|  |TAMS 0x0000000722e00000| PB 0x0000000722e00000| Untracked 
|  14|0x0000000723000000, 0x0000000723000000, 0x0000000723200000|  0%| F|  |TAMS 0x0000000723000000| PB 0x0000000723000000| Untracked 
|  15|0x0000000723200000, 0x0000000723200000, 0x0000000723400000|  0%| F|  |TAMS 0x0000000723200000| PB 0x0000000723200000| Untracked 
|  16|0x0000000723400000, 0x0000000723400000, 0x0000000723600000|  0%| F|  |TAMS 0x0000000723400000| PB 0x0000000723400000| Untracked 
|  17|0x0000000723600000, 0x0000000723600000, 0x0000000723800000|  0%| F|  |TAMS 0x0000000723600000| PB 0x0000000723600000| Untracked 
|  18|0x0000000723800000, 0x0000000723800000, 0x0000000723a00000|  0%| F|  |TAMS 0x0000000723800000| PB 0x0000000723800000| Untracked 
|  19|0x0000000723a00000, 0x0000000723a00000, 0x0000000723c00000|  0%| F|  |TAMS 0x0000000723a00000| PB 0x0000000723a00000| Untracked 
|  20|0x0000000723c00000, 0x0000000723c00000, 0x0000000723e00000|  0%| F|  |TAMS 0x0000000723c00000| PB 0x0000000723c00000| Untracked 
|  21|0x0000000723e00000, 0x0000000723e00000, 0x0000000724000000|  0%| F|  |TAMS 0x0000000723e00000| PB 0x0000000723e00000| Untracked 
|  22|0x0000000724000000, 0x0000000724000000, 0x0000000724200000|  0%| F|  |TAMS 0x0000000724000000| PB 0x0000000724000000| Untracked 
|  23|0x0000000724200000, 0x0000000724200000, 0x0000000724400000|  0%| F|  |TAMS 0x0000000724200000| PB 0x0000000724200000| Untracked 
|  24|0x0000000724400000, 0x0000000724400000, 0x0000000724600000|  0%| F|  |TAMS 0x0000000724400000| PB 0x0000000724400000| Untracked 
|  25|0x0000000724600000, 0x0000000724600000, 0x0000000724800000|  0%| F|  |TAMS 0x0000000724600000| PB 0x0000000724600000| Untracked 
|  26|0x0000000724800000, 0x0000000724800000, 0x0000000724a00000|  0%| F|  |TAMS 0x0000000724800000| PB 0x0000000724800000| Untracked 
|  27|0x0000000724a00000, 0x0000000724a00000, 0x0000000724c00000|  0%| F|  |TAMS 0x0000000724a00000| PB 0x0000000724a00000| Untracked 
|  28|0x0000000724c00000, 0x0000000724c00000, 0x0000000724e00000|  0%| F|  |TAMS 0x0000000724c00000| PB 0x0000000724c00000| Untracked 
|  29|0x0000000724e00000, 0x0000000724e00000, 0x0000000725000000|  0%| F|  |TAMS 0x0000000724e00000| PB 0x0000000724e00000| Untracked 
|  30|0x0000000725000000, 0x0000000725000000, 0x0000000725200000|  0%| F|  |TAMS 0x0000000725000000| PB 0x0000000725000000| Untracked 
|  31|0x0000000725200000, 0x0000000725200000, 0x0000000725400000|  0%| F|  |TAMS 0x0000000725200000| PB 0x0000000725200000| Untracked 
|  32|0x0000000725400000, 0x0000000725400000, 0x0000000725600000|  0%| F|  |TAMS 0x0000000725400000| PB 0x0000000725400000| Untracked 
|  33|0x0000000725600000, 0x0000000725600000, 0x0000000725800000|  0%| F|  |TAMS 0x0000000725600000| PB 0x0000000725600000| Untracked 
|  34|0x0000000725800000, 0x0000000725800000, 0x0000000725a00000|  0%| F|  |TAMS 0x0000000725800000| PB 0x0000000725800000| Untracked 
|  35|0x0000000725a00000, 0x0000000725a00000, 0x0000000725c00000|  0%| F|  |TAMS 0x0000000725a00000| PB 0x0000000725a00000| Untracked 
|  36|0x0000000725c00000, 0x0000000725c00000, 0x0000000725e00000|  0%| F|  |TAMS 0x0000000725c00000| PB 0x0000000725c00000| Untracked 
|  37|0x0000000725e00000, 0x0000000725e00000, 0x0000000726000000|  0%| F|  |TAMS 0x0000000725e00000| PB 0x0000000725e00000| Untracked 
|  38|0x0000000726000000, 0x0000000726000000, 0x0000000726200000|  0%| F|  |TAMS 0x0000000726000000| PB 0x0000000726000000| Untracked 
|  39|0x0000000726200000, 0x0000000726200000, 0x0000000726400000|  0%| F|  |TAMS 0x0000000726200000| PB 0x0000000726200000| Untracked 
|  40|0x0000000726400000, 0x0000000726400000, 0x0000000726600000|  0%| F|  |TAMS 0x0000000726400000| PB 0x0000000726400000| Untracked 
|  41|0x0000000726600000, 0x0000000726600000, 0x0000000726800000|  0%| F|  |TAMS 0x0000000726600000| PB 0x0000000726600000| Untracked 
|  42|0x0000000726800000, 0x0000000726800000, 0x0000000726a00000|  0%| F|  |TAMS 0x0000000726800000| PB 0x0000000726800000| Untracked 
|  43|0x0000000726a00000, 0x0000000726a00000, 0x0000000726c00000|  0%| F|  |TAMS 0x0000000726a00000| PB 0x0000000726a00000| Untracked 
|  44|0x0000000726c00000, 0x0000000726c00000, 0x0000000726e00000|  0%| F|  |TAMS 0x0000000726c00000| PB 0x0000000726c00000| Untracked 
|  45|0x0000000726e00000, 0x0000000726e00000, 0x0000000727000000|  0%| F|  |TAMS 0x0000000726e00000| PB 0x0000000726e00000| Untracked 
|  46|0x0000000727000000, 0x0000000727000000, 0x0000000727200000|  0%| F|  |TAMS 0x0000000727000000| PB 0x0000000727000000| Untracked 
|  47|0x0000000727200000, 0x0000000727200000, 0x0000000727400000|  0%| F|  |TAMS 0x0000000727200000| PB 0x0000000727200000| Untracked 
|  48|0x0000000727400000, 0x0000000727400000, 0x0000000727600000|  0%| F|  |TAMS 0x0000000727400000| PB 0x0000000727400000| Untracked 
|  49|0x0000000727600000, 0x0000000727600000, 0x0000000727800000|  0%| F|  |TAMS 0x0000000727600000| PB 0x0000000727600000| Untracked 
|  50|0x0000000727800000, 0x0000000727800000, 0x0000000727a00000|  0%| F|  |TAMS 0x0000000727800000| PB 0x0000000727800000| Untracked 
|  51|0x0000000727a00000, 0x0000000727a00000, 0x0000000727c00000|  0%| F|  |TAMS 0x0000000727a00000| PB 0x0000000727a00000| Untracked 
|  52|0x0000000727c00000, 0x0000000727c00000, 0x0000000727e00000|  0%| F|  |TAMS 0x0000000727c00000| PB 0x0000000727c00000| Untracked 
|  53|0x0000000727e00000, 0x0000000727e00000, 0x0000000728000000|  0%| F|  |TAMS 0x0000000727e00000| PB 0x0000000727e00000| Untracked 
|  54|0x0000000728000000, 0x0000000728000000, 0x0000000728200000|  0%| F|  |TAMS 0x0000000728000000| PB 0x0000000728000000| Untracked 
|  55|0x0000000728200000, 0x0000000728200000, 0x0000000728400000|  0%| F|  |TAMS 0x0000000728200000| PB 0x0000000728200000| Untracked 
|  56|0x0000000728400000, 0x0000000728400000, 0x0000000728600000|  0%| F|  |TAMS 0x0000000728400000| PB 0x0000000728400000| Untracked 
|  57|0x0000000728600000, 0x0000000728600000, 0x0000000728800000|  0%| F|  |TAMS 0x0000000728600000| PB 0x0000000728600000| Untracked 
|  58|0x0000000728800000, 0x0000000728800000, 0x0000000728a00000|  0%| F|  |TAMS 0x0000000728800000| PB 0x0000000728800000| Untracked 
|  59|0x0000000728a00000, 0x0000000728a4efb8, 0x0000000728c00000| 15%| E|  |TAMS 0x0000000728a00000| PB 0x0000000728a00000| Complete 
|  60|0x0000000728c00000, 0x0000000728e00000, 0x0000000728e00000|100%| E|CS|TAMS 0x0000000728c00000| PB 0x0000000728c00000| Complete 
|  61|0x0000000728e00000, 0x0000000729000000, 0x0000000729000000|100%| E|CS|TAMS 0x0000000728e00000| PB 0x0000000728e00000| Complete 
|  62|0x0000000729000000, 0x0000000729200000, 0x0000000729200000|100%| E|CS|TAMS 0x0000000729000000| PB 0x0000000729000000| Complete 
|  63|0x0000000729200000, 0x0000000729400000, 0x0000000729400000|100%| E|CS|TAMS 0x0000000729200000| PB 0x0000000729200000| Complete 
|  94|0x000000072d000000, 0x000000072d200000, 0x000000072d200000|100%| E|CS|TAMS 0x000000072d000000| PB 0x000000072d000000| Complete 
|  95|0x000000072d200000, 0x000000072d400000, 0x000000072d400000|100%| E|CS|TAMS 0x000000072d200000| PB 0x000000072d200000| Complete 
|  96|0x000000072d400000, 0x000000072d600000, 0x000000072d600000|100%| E|CS|TAMS 0x000000072d400000| PB 0x000000072d400000| Complete 
| 111|0x000000072f200000, 0x000000072f400000, 0x000000072f400000|100%| E|CS|TAMS 0x000000072f200000| PB 0x000000072f200000| Complete 

Card table byte_map: [0x0000022c69f30000,0x0000022c6a630000] _byte_map_base: 0x0000022c66626000

Marking Bits: (CMBitMap*) 0x0000022c573ebe90
 Bits: [0x0000022c6a630000, 0x0000022c6dde0000)

Polling page: 0x0000022c55260000

Metaspace:

Usage:
  Non-class:     37.02 MB used.
      Class:      4.83 MB used.
       Both:     41.85 MB used.

Virtual space:
  Non-class space:       64.00 MB reserved,      37.12 MB ( 58%) committed,  1 nodes.
      Class space:        1.00 GB reserved,       4.94 MB ( <1%) committed,  1 nodes.
             Both:        1.06 GB reserved,      42.06 MB (  4%) committed. 

Chunk freelists:
   Non-Class:  10.81 MB
       Class:  11.00 MB
        Both:  21.81 MB

MaxMetaspaceSize: unlimited
CompressedClassSpaceSize: 1.00 GB
Initial GC threshold: 21.00 MB
Current GC threshold: 59.00 MB
CDS: off
 - commit_granule_bytes: 65536.
 - commit_granule_words: 8192.
 - virtual_space_node_default_size: 8388608.
 - enlarge_chunks_in_place: 1.
 - use_allocation_guard: 0.


Internal statistics:

num_allocs_failed_limit: 6.
num_arena_births: 218.
num_arena_deaths: 0.
num_vsnodes_births: 2.
num_vsnodes_deaths: 0.
num_space_committed: 671.
num_space_uncommitted: 0.
num_chunks_returned_to_freelist: 6.
num_chunks_taken_from_freelist: 1432.
num_chunk_merges: 6.
num_chunk_splits: 1164.
num_chunks_enlarged: 1048.
num_inconsistent_stats: 0.

CodeHeap 'non-profiled nmethods': size=120000Kb used=1530Kb max_used=1530Kb free=118469Kb
 bounds [0x0000022c61fc0000, 0x0000022c62230000, 0x0000022c694f0000]
CodeHeap 'profiled nmethods': size=120000Kb used=5640Kb max_used=5640Kb free=114359Kb
 bounds [0x0000022c5a4f0000, 0x0000022c5aa80000, 0x0000022c61a20000]
CodeHeap 'non-nmethods': size=5760Kb used=1517Kb max_used=1552Kb free=4242Kb
 bounds [0x0000022c61a20000, 0x0000022c61c90000, 0x0000022c61fc0000]
 total_blobs=3475 nmethods=2877 adapters=502
 compilation: enabled
              stopped_count=0, restarted_count=0
 full_count=0

Compilation events (20 events):
Event: 3.662 Thread 0x0000022c70a05330 nmethod 2947 0x0000022c5aa2d690 code [0x0000022c5aa2d8a0, 0x0000022c5aa2df68]
Event: 3.662 Thread 0x0000022c70a05330 2948       3       org.jetbrains.kotlin.fir.expressions.builder.FirBlockBuilder::build (31 bytes)
Event: 3.663 Thread 0x0000022c70a05330 nmethod 2948 0x0000022c5aa2e190 code [0x0000022c5aa2e360, 0x0000022c5aa2e5d0]
Event: 3.663 Thread 0x0000022c70a05330 2950       3       org.jetbrains.kotlin.fir.expressions.builder.FirFunctionCallBuilder::build (8 bytes)
Event: 3.663 Thread 0x0000022c70a05330 nmethod 2950 0x0000022c5aa2e710 code [0x0000022c5aa2e8c0, 0x0000022c5aa2ea00]
Event: 3.663 Thread 0x0000022c70a05330 2951       3       org.jetbrains.kotlin.fir.lightTree.converter.LightTreeRawFirDeclarationBuilder::convertBlockExpressionWithoutBuilding (649 bytes)
Event: 3.664 Thread 0x0000022c709e33c0 2953       4       java.util.ArrayList::remove (26 bytes)
Event: 3.666 Thread 0x0000022c709e33c0 nmethod 2953 0x0000022c62135710 code [0x0000022c621358a0, 0x0000022c62135a90]
Event: 3.669 Thread 0x0000022c7833e0b0 nmethod 2949 0x0000022c62135c10 code [0x0000022c62135e00, 0x0000022c621366c0]
Event: 3.673 Thread 0x0000022c70a05330 nmethod 2951 0x0000022c5aa2ea90 code [0x0000022c5aa2f440, 0x0000022c5aa36330]
Event: 3.673 Thread 0x0000022c70a05330 2955       3       org.jetbrains.kotlin.fir.resolve.providers.impl.FirProviderImplKt$sam$java_util_function_BiFunction$0::<init> (16 bytes)
Event: 3.673 Thread 0x0000022c70a05330 nmethod 2955 0x0000022c5aa38390 code [0x0000022c5aa385c0, 0x0000022c5aa38c28]
Event: 3.673 Thread 0x0000022c70a05330 2956       3       org.jetbrains.kotlin.name.CallableId::hashCode (53 bytes)
Event: 3.674 Thread 0x0000022c70a05330 nmethod 2956 0x0000022c5aa38e90 code [0x0000022c5aa390a0, 0x0000022c5aa39558]
Event: 3.674 Thread 0x0000022c70a05330 2954       3       org.jetbrains.kotlin.name.CallableId$Companion::calculateClassId (34 bytes)
Event: 3.674 Thread 0x0000022c70a05330 nmethod 2954 0x0000022c5aa39810 code [0x0000022c5aa39a00, 0x0000022c5aa39e10]
Event: 3.674 Thread 0x0000022c70a05330 2952       1       org.jetbrains.kotlin.fir.declarations.impl.FirAnonymousFunctionImpl::getSymbol (5 bytes)
Event: 3.674 Thread 0x0000022c70a05330 nmethod 2952 0x0000022c62136d10 code [0x0000022c62136ea0, 0x0000022c62136f70]
Event: 3.734 Thread 0x0000022c7833e0b0 2957 %     4       org.jetbrains.kotlin.KtSourceFileLinesMappingKt::readSourceFileWithMapping @ 52 (195 bytes)
Event: 3.736 Thread 0x0000022c70a05330 2958       3       org.jetbrains.kotlin.parsing.KotlinParsing::parseImportDirective (441 bytes)

GC Heap History (14 events):
Event: 0.602 GC heap before
{Heap before GC invocations=0 (full 0):
 garbage-first heap   total 229376K, used 24576K [0x0000000721400000, 0x0000000800000000)
  region size 2048K, 11 young (22528K), 0 survivors (0K)
 Metaspace       used 13577K, committed 13696K, reserved 1114112K
  class space    used 1271K, committed 1344K, reserved 1048576K
}
Event: 0.605 GC heap after
{Heap after GC invocations=1 (full 0):
 garbage-first heap   total 229376K, used 7014K [0x0000000721400000, 0x0000000800000000)
  region size 2048K, 2 young (4096K), 2 survivors (4096K)
 Metaspace       used 13577K, committed 13696K, reserved 1114112K
  class space    used 1271K, committed 1344K, reserved 1048576K
}
Event: 0.990 GC heap before
{Heap before GC invocations=1 (full 0):
 garbage-first heap   total 229376K, used 29542K [0x0000000721400000, 0x0000000800000000)
  region size 2048K, 15 young (30720K), 2 survivors (4096K)
 Metaspace       used 21356K, committed 21504K, reserved 1114112K
  class space    used 2167K, committed 2240K, reserved 1048576K
}
Event: 0.995 GC heap after
{Heap after GC invocations=2 (full 0):
 garbage-first heap   total 229376K, used 9212K [0x0000000721400000, 0x0000000800000000)
  region size 2048K, 3 young (6144K), 3 survivors (6144K)
 Metaspace       used 21356K, committed 21504K, reserved 1114112K
  class space    used 2167K, committed 2240K, reserved 1048576K
}
Event: 1.355 GC heap before
{Heap before GC invocations=3 (full 0):
 garbage-first heap   total 34816K, used 33788K [0x0000000721400000, 0x0000000800000000)
  region size 2048K, 15 young (30720K), 3 survivors (6144K)
 Metaspace       used 25466K, committed 25728K, reserved 1114112K
  class space    used 2683K, committed 2816K, reserved 1048576K
}
Event: 1.366 GC heap after
{Heap after GC invocations=4 (full 0):
 garbage-first heap   total 47104K, used 16368K [0x0000000721400000, 0x0000000800000000)
  region size 2048K, 6 young (12288K), 6 survivors (12288K)
 Metaspace       used 25466K, committed 25728K, reserved 1114112K
  class space    used 2683K, committed 2816K, reserved 1048576K
}
Event: 1.628 GC heap before
{Heap before GC invocations=4 (full 0):
 garbage-first heap   total 47104K, used 30704K [0x0000000721400000, 0x0000000800000000)
  region size 2048K, 13 young (26624K), 6 survivors (12288K)
 Metaspace       used 28953K, committed 29184K, reserved 1114112K
  class space    used 3055K, committed 3136K, reserved 1048576K
}
Event: 1.642 GC heap after
{Heap after GC invocations=5 (full 0):
 garbage-first heap   total 47104K, used 17535K [0x0000000721400000, 0x0000000800000000)
  region size 2048K, 1 young (2048K), 1 survivors (2048K)
 Metaspace       used 28953K, committed 29184K, reserved 1114112K
  class space    used 3055K, committed 3136K, reserved 1048576K
}
Event: 1.982 GC heap before
{Heap before GC invocations=5 (full 0):
 garbage-first heap   total 47104K, used 35967K [0x0000000721400000, 0x0000000800000000)
  region size 2048K, 10 young (20480K), 1 survivors (2048K)
 Metaspace       used 34296K, committed 34560K, reserved 1114112K
  class space    used 4124K, committed 4224K, reserved 1048576K
}
Event: 1.988 GC heap after
{Heap after GC invocations=6 (full 0):
 garbage-first heap   total 47104K, used 18448K [0x0000000721400000, 0x0000000800000000)
  region size 2048K, 2 young (4096K), 2 survivors (4096K)
 Metaspace       used 34296K, committed 34560K, reserved 1114112K
  class space    used 4124K, committed 4224K, reserved 1048576K
}
Event: 2.071 GC heap before
{Heap before GC invocations=6 (full 0):
 garbage-first heap   total 47104K, used 24592K [0x0000000721400000, 0x0000000800000000)
  region size 2048K, 6 young (12288K), 2 survivors (4096K)
 Metaspace       used 35821K, committed 35968K, reserved 1114112K
  class space    used 4284K, committed 4352K, reserved 1048576K
}
Event: 2.076 GC heap after
{Heap after GC invocations=7 (full 0):
 garbage-first heap   total 47104K, used 18800K [0x0000000721400000, 0x0000000800000000)
  region size 2048K, 1 young (2048K), 1 survivors (2048K)
 Metaspace       used 35821K, committed 35968K, reserved 1114112K
  class space    used 4284K, committed 4352K, reserved 1048576K
}
Event: 2.460 GC heap before
{Heap before GC invocations=8 (full 0):
 garbage-first heap   total 47104K, used 37232K [0x0000000721400000, 0x0000000800000000)
  region size 2048K, 10 young (20480K), 1 survivors (2048K)
 Metaspace       used 40661K, committed 40960K, reserved 1114112K
  class space    used 4758K, committed 4928K, reserved 1048576K
}
Event: 2.465 GC heap after
{Heap after GC invocations=9 (full 0):
 garbage-first heap   total 139264K, used 20019K [0x0000000721400000, 0x0000000800000000)
  region size 2048K, 2 young (4096K), 2 survivors (4096K)
 Metaspace       used 40661K, committed 40960K, reserved 1114112K
  class space    used 4758K, committed 4928K, reserved 1048576K
}

Dll operation events (3 events):
Event: 0.008 Loaded shared library D:\ProgramData\Android\Android Studio\jbr\bin\java.dll
Event: 0.014 Loaded shared library D:\ProgramData\Android\Android Studio\jbr\bin\zip.dll
Event: 1.350 Loaded shared library D:\ProgramData\Android\Android Studio\jbr\bin\verify.dll

Deoptimization events (20 events):
Event: 3.550 Thread 0x0000022c55082540 Uncommon trap: trap_request=0xffffff76 fr.pc=0x0000022c62118a1c relative=0x000000000000151c
Event: 3.550 Thread 0x0000022c55082540 Uncommon trap: reason=predicate action=maybe_recompile pc=0x0000022c62118a1c method=org.jetbrains.kotlin.parsing.KotlinExpressionParsing.parseBinaryExpression(Lorg/jetbrains/kotlin/parsing/KotlinExpressionParsing$Precedence;)V @ 14 c2
Event: 3.550 Thread 0x0000022c55082540 DEOPT PACKING pc=0x0000022c62118a1c sp=0x000000c7aa4fcb20
Event: 3.550 Thread 0x0000022c55082540 DEOPT UNPACKING pc=0x0000022c61a746a2 sp=0x000000c7aa4fcad8 mode 2
Event: 3.550 Thread 0x0000022c55082540 Uncommon trap: trap_request=0xffffff76 fr.pc=0x0000022c62118a1c relative=0x000000000000151c
Event: 3.550 Thread 0x0000022c55082540 Uncommon trap: reason=predicate action=maybe_recompile pc=0x0000022c62118a1c method=org.jetbrains.kotlin.parsing.KotlinExpressionParsing.parseBinaryExpression(Lorg/jetbrains/kotlin/parsing/KotlinExpressionParsing$Precedence;)V @ 14 c2
Event: 3.550 Thread 0x0000022c55082540 DEOPT PACKING pc=0x0000022c62118a1c sp=0x000000c7aa4fcfa0
Event: 3.550 Thread 0x0000022c55082540 DEOPT UNPACKING pc=0x0000022c61a746a2 sp=0x000000c7aa4fcf58 mode 2
Event: 3.607 Thread 0x0000022c55082540 Uncommon trap: trap_request=0xffffff45 fr.pc=0x0000022c620a92a0 relative=0x00000000000000e0
Event: 3.607 Thread 0x0000022c55082540 Uncommon trap: reason=unstable_if action=reinterpret pc=0x0000022c620a92a0 method=org.jetbrains.kotlin.parsing.SemanticWhitespaceAwarePsiBuilderImpl.getJoinedTokenType(Lorg/jetbrains/kotlin/com/intellij/psi/tree/IElementType;I)Lorg/jetbrains/kotlin/com/in
Event: 3.607 Thread 0x0000022c55082540 DEOPT PACKING pc=0x0000022c620a92a0 sp=0x000000c7aa4fd130
Event: 3.607 Thread 0x0000022c55082540 DEOPT UNPACKING pc=0x0000022c61a746a2 sp=0x000000c7aa4fd0b8 mode 2
Event: 3.624 Thread 0x0000022c55082540 Uncommon trap: trap_request=0xffffff45 fr.pc=0x0000022c6211622c relative=0x000000000000008c
Event: 3.624 Thread 0x0000022c55082540 Uncommon trap: reason=unstable_if action=reinterpret pc=0x0000022c6211622c method=org.jetbrains.kotlin.com.intellij.lang.impl.PsiBuilderImpl.isCollapsedChameleon(Lorg/jetbrains/kotlin/com/intellij/lang/impl/PsiBuilderImpl$StartMarker;)Z @ 23 c2
Event: 3.624 Thread 0x0000022c55082540 DEOPT PACKING pc=0x0000022c6211622c sp=0x000000c7aa4fe4a0
Event: 3.624 Thread 0x0000022c55082540 DEOPT UNPACKING pc=0x0000022c61a746a2 sp=0x000000c7aa4fe440 mode 2
Event: 3.638 Thread 0x0000022c55082540 Uncommon trap: trap_request=0xffffff3d fr.pc=0x0000022c62024188 relative=0x0000000000000068
Event: 3.638 Thread 0x0000022c55082540 Uncommon trap: reason=unstable_fused_if action=reinterpret pc=0x0000022c62024188 method=java.lang.CharacterDataLatin1.equalsIgnoreCase(BB)Z @ 16 c2
Event: 3.638 Thread 0x0000022c55082540 DEOPT PACKING pc=0x0000022c62024188 sp=0x000000c7aa4f9e30
Event: 3.638 Thread 0x0000022c55082540 DEOPT UNPACKING pc=0x0000022c61a746a2 sp=0x000000c7aa4f9db0 mode 2

Classes loaded (20 events):
Event: 2.222 Loading class sun/nio/ch/Util$BufferCache
Event: 2.222 Loading class sun/nio/ch/Util$BufferCache done
Event: 2.223 Loading class java/nio/DirectByteBuffer$Deallocator
Event: 2.223 Loading class java/nio/DirectByteBuffer$Deallocator done
Event: 2.238 Loading class java/util/function/IntConsumer
Event: 2.238 Loading class java/util/function/IntConsumer done
Event: 2.238 Loading class java/util/PrimitiveIterator$OfInt
Event: 2.238 Loading class java/util/PrimitiveIterator
Event: 2.238 Loading class java/util/PrimitiveIterator done
Event: 2.238 Loading class java/util/PrimitiveIterator$OfInt done
Event: 2.241 Loading class java/util/BitSet
Event: 2.241 Loading class java/util/BitSet done
Event: 2.252 Loading class java/io/InvalidObjectException
Event: 2.252 Loading class java/io/InvalidObjectException done
Event: 2.321 Loading class java/util/ArrayList$ListItr
Event: 2.321 Loading class java/util/ArrayList$ListItr done
Event: 2.372 Loading class java/util/function/IntUnaryOperator
Event: 2.372 Loading class java/util/function/IntUnaryOperator done
Event: 2.505 Loading class java/math/RoundingMode
Event: 2.505 Loading class java/math/RoundingMode done

Classes unloaded (0 events):
No events

Classes redefined (0 events):
No events

Internal exceptions (20 events):
Event: 0.896 Thread 0x0000022c55082540 Exception <a 'java/lang/NoSuchMethodError'{0x000000072de166b0}: 'int java.lang.invoke.DirectMethodHandle$Holder.invokeStaticInit(java.lang.Object, java.lang.Object, java.lang.Object)'> (0x000000072de166b0) 
thrown [s\src\hotspot\share\interpreter\linkResolver.cpp, line 784]
Event: 0.900 Thread 0x0000022c55082540 Exception <a 'java/lang/NoSuchMethodError'{0x000000072de428c0}: 'int java.lang.invoke.DirectMethodHandle$Holder.invokeStaticInit(java.lang.Object, java.lang.Object)'> (0x000000072de428c0) 
thrown [s\src\hotspot\share\interpreter\linkResolver.cpp, line 784]
Event: 0.912 Thread 0x0000022c55082540 Exception <a 'java/lang/NoSuchMethodError'{0x000000072defe268}: 'int java.lang.invoke.DirectMethodHandle$Holder.invokeStatic(java.lang.Object)'> (0x000000072defe268) 
thrown [s\src\hotspot\share\interpreter\linkResolver.cpp, line 784]
Event: 0.912 Thread 0x0000022c55082540 Exception <a 'java/lang/NoSuchMethodError'{0x000000072df016b0}: 'int java.lang.invoke.DirectMethodHandle$Holder.invokeStaticInit(java.lang.Object)'> (0x000000072df016b0) 
thrown [s\src\hotspot\share\interpreter\linkResolver.cpp, line 784]
Event: 1.013 Thread 0x0000022c55082540 Exception <a 'java/lang/NoSuchMethodError'{0x000000072f2ea338}: 'void java.lang.invoke.DirectMethodHandle$Holder.invokeStatic(java.lang.Object, java.lang.Object, java.lang.Object, java.lang.Object)'> (0x000000072f2ea338) 
thrown [s\src\hotspot\share\interpreter\linkResolver.cpp, line 784]
Event: 1.038 Thread 0x0000022c55082540 Exception <a 'java/lang/NoSuchMethodError'{0x0000000722c43bc8}: 'java.lang.Object java.lang.invoke.DirectMethodHandle$Holder.invokeInterface(java.lang.Object, java.lang.Object)'> (0x0000000722c43bc8) 
thrown [s\src\hotspot\share\interpreter\linkResolver.cpp, line 784]
Event: 1.073 Thread 0x0000022c55082540 Exception <a 'java/lang/NoSuchMethodError'{0x0000000722ae8108}: 'void java.lang.invoke.DirectMethodHandle$Holder.invokeStaticInit(java.lang.Object, java.lang.Object)'> (0x0000000722ae8108) 
thrown [s\src\hotspot\share\interpreter\linkResolver.cpp, line 784]
Event: 1.103 Thread 0x0000022c55082540 Exception <a 'java/lang/NoSuchMethodError'{0x00000007228ca0f8}: 'int java.lang.invoke.DirectMethodHandle$Holder.invokeVirtual(java.lang.Object, java.lang.Object, java.lang.Object)'> (0x00000007228ca0f8) 
thrown [s\src\hotspot\share\interpreter\linkResolver.cpp, line 784]
Event: 1.131 Thread 0x0000022c55082540 Exception <a 'java/lang/NoSuchMethodError'{0x00000007226a25c8}: 'void java.lang.invoke.Invokers$Holder.invokeExact_MT(java.lang.Object, int, java.lang.Object)'> (0x00000007226a25c8) 
thrown [s\src\hotspot\share\interpreter\linkResolver.cpp, line 784]
Event: 1.156 Thread 0x0000022c55082540 Exception <a 'java/lang/NoSuchMethodError'{0x0000000722423ea0}: 'void java.lang.invoke.DirectMethodHandle$Holder.invokeVirtual(java.lang.Object, java.lang.Object)'> (0x0000000722423ea0) 
thrown [s\src\hotspot\share\interpreter\linkResolver.cpp, line 784]
Event: 1.188 Thread 0x0000022c55082540 Exception <a 'java/lang/NoSuchMethodError'{0x00000007224b4d38}: 'long java.lang.invoke.DirectMethodHandle$Holder.invokeStatic(java.lang.Object, java.lang.Object, int)'> (0x00000007224b4d38) 
thrown [s\src\hotspot\share\interpreter\linkResolver.cpp, line 784]
Event: 1.189 Thread 0x0000022c55082540 Exception <a 'java/lang/NoSuchMethodError'{0x00000007224bfd20}: 'java.lang.Object java.lang.invoke.DelegatingMethodHandle$Holder.reinvoke_L(java.lang.Object, int, long, java.lang.Object, java.lang.Object, int, java.lang.Object)'> (0x00000007224bfd20) 
thrown [s\src\hotspot\share\interpreter\linkResolver.cpp, line 784]
Event: 1.194 Thread 0x0000022c55082540 Exception <a 'java/lang/NoSuchMethodError'{0x00000007224e71f8}: 'java.lang.Object java.lang.invoke.DirectMethodHandle$Holder.invokeStatic(java.lang.Object, java.lang.Object, int)'> (0x00000007224e71f8) 
thrown [s\src\hotspot\share\interpreter\linkResolver.cpp, line 784]
Event: 1.196 Thread 0x0000022c55082540 Exception <a 'java/lang/NoSuchMethodError'{0x00000007224f2858}: 'void java.lang.invoke.DelegatingMethodHandle$Holder.delegate(java.lang.Object, java.lang.Object, int, java.lang.Object)'> (0x00000007224f2858) 
thrown [s\src\hotspot\share\interpreter\linkResolver.cpp, line 784]
Event: 1.444 Thread 0x0000022c55082540 Exception <a 'java/lang/NoSuchMethodError'{0x000000072d5b9330}: 'java.lang.Object java.lang.invoke.DirectMethodHandle$Holder.invokeStatic(java.lang.Object, java.lang.Object, int, java.lang.Object)'> (0x000000072d5b9330) 
thrown [s\src\hotspot\share\interpreter\linkResolver.cpp, line 784]
Event: 1.577 Thread 0x0000022c55082540 Exception <a 'java/lang/NoSuchMethodError'{0x0000000722a402f0}: 'java.lang.Object java.lang.invoke.DirectMethodHandle$Holder.newInvokeSpecial(java.lang.Object, java.lang.Object, java.lang.Object, java.lang.Object, java.lang.Object, java.lang.Object)'> (0x0000000722a402f0) 
thrown [s\src\hotspot\share\interpreter\linkResolver.cpp, line 784]
Event: 1.997 Thread 0x0000022c55082540 Exception <a 'java/lang/NoSuchMethodError'{0x000000072f294fa0}: 'java.lang.Object java.lang.invoke.DirectMethodHandle$Holder.newInvokeSpecial(java.lang.Object, java.lang.Object, java.lang.Object, java.lang.Object, java.lang.Object, java.lang.Object, java.lang.Object)'> (0x000000072f294fa0) 
thrown [s\src\hotspot\share\interpreter\linkResolver.cpp, line 784]
Event: 2.235 Thread 0x0000022c55082540 Exception <a 'java/lang/NoSuchMethodError'{0x0000000723708108}: 'java.lang.Object java.lang.invoke.DirectMethodHandle$Holder.invokeVirtual(java.lang.Object, java.lang.Object, java.lang.Object)'> (0x0000000723708108) 
thrown [s\src\hotspot\share\interpreter\linkResolver.cpp, line 784]
Event: 2.373 Thread 0x0000022c55082540 Exception <a 'java/lang/NoSuchMethodError'{0x0000000723193838}: 'java.lang.Object java.lang.invoke.DirectMethodHandle$Holder.newInvokeSpecial(java.lang.Object, java.lang.Object, int)'> (0x0000000723193838) 
thrown [s\src\hotspot\share\interpreter\linkResolver.cpp, line 784]
Event: 3.041 Thread 0x0000022c55082540 Exception <a 'java/lang/NoSuchMethodError'{0x000000072d3dac10}: 'int java.lang.invoke.DirectMethodHandle$Holder.invokeStaticInit(java.lang.Object, int)'> (0x000000072d3dac10) 
thrown [s\src\hotspot\share\interpreter\linkResolver.cpp, line 784]

ZGC Phase Switch (0 events):
No events

VM Operations (20 events):
Event: 1.982 Executing VM operation: G1CollectForAllocation (G1 Evacuation Pause)
Event: 1.988 Executing VM operation: G1CollectForAllocation (G1 Evacuation Pause) done
Event: 2.071 Executing VM operation: CollectForMetadataAllocation (Metadata GC Threshold)
Event: 2.076 Executing VM operation: CollectForMetadataAllocation (Metadata GC Threshold) done
Event: 2.089 Executing VM operation: G1PauseRemark
Event: 2.092 Executing VM operation: G1PauseRemark done
Event: 2.095 Executing VM operation: G1PauseCleanup
Event: 2.095 Executing VM operation: G1PauseCleanup done
Event: 2.164 Executing VM operation: HandshakeAllThreads (Deoptimize)
Event: 2.164 Executing VM operation: HandshakeAllThreads (Deoptimize) done
Event: 2.321 Executing VM operation: HandshakeAllThreads (Deoptimize)
Event: 2.321 Executing VM operation: HandshakeAllThreads (Deoptimize) done
Event: 2.460 Executing VM operation: G1CollectForAllocation (G1 Evacuation Pause)
Event: 2.465 Executing VM operation: G1CollectForAllocation (G1 Evacuation Pause) done
Event: 2.492 Executing VM operation: HandshakeAllThreads (Deoptimize)
Event: 2.492 Executing VM operation: HandshakeAllThreads (Deoptimize) done
Event: 2.768 Executing VM operation: HandshakeAllThreads (Deoptimize)
Event: 2.768 Executing VM operation: HandshakeAllThreads (Deoptimize) done
Event: 3.277 Executing VM operation: ICBufferFull
Event: 3.277 Executing VM operation: ICBufferFull done

Memory protections (0 events):
No events

Nmethod flushes (20 events):
Event: 2.091 Thread 0x0000022c7082c300 flushing  nmethod 0x0000022c5a545210
Event: 2.091 Thread 0x0000022c7082c300 flushing  nmethod 0x0000022c5a552490
Event: 2.091 Thread 0x0000022c7082c300 flushing  nmethod 0x0000022c5a553010
Event: 2.091 Thread 0x0000022c7082c300 flushing  nmethod 0x0000022c5a553590
Event: 2.091 Thread 0x0000022c7082c300 flushing  nmethod 0x0000022c5a553c90
Event: 2.091 Thread 0x0000022c7082c300 flushing  nmethod 0x0000022c5a554010
Event: 2.091 Thread 0x0000022c7082c300 flushing  nmethod 0x0000022c5a555610
Event: 2.091 Thread 0x0000022c7082c300 flushing  nmethod 0x0000022c5a555c10
Event: 2.091 Thread 0x0000022c7082c300 flushing  nmethod 0x0000022c5a556a10
Event: 2.091 Thread 0x0000022c7082c300 flushing  nmethod 0x0000022c5a557110
Event: 2.091 Thread 0x0000022c7082c300 flushing  nmethod 0x0000022c5a557f10
Event: 2.091 Thread 0x0000022c7082c300 flushing  nmethod 0x0000022c5a564f90
Event: 2.091 Thread 0x0000022c7082c300 flushing  nmethod 0x0000022c5a566590
Event: 2.091 Thread 0x0000022c7082c300 flushing  nmethod 0x0000022c5a569210
Event: 2.091 Thread 0x0000022c7082c300 flushing  nmethod 0x0000022c5a586290
Event: 2.091 Thread 0x0000022c7082c300 flushing  nmethod 0x0000022c5a586b90
Event: 2.091 Thread 0x0000022c7082c300 flushing  nmethod 0x0000022c5a599690
Event: 2.091 Thread 0x0000022c7082c300 flushing  nmethod 0x0000022c5a59bc90
Event: 2.091 Thread 0x0000022c7082c300 flushing  nmethod 0x0000022c5a5b3810
Event: 2.091 Thread 0x0000022c7082c300 flushing  nmethod 0x0000022c5a5b5b10

Events (20 events):
Event: 0.068 Thread 0x0000022c55082540 Thread added: 0x0000022c709fbc70
Event: 0.068 Thread 0x0000022c55082540 Thread added: 0x0000022c709e0630
Event: 0.068 Thread 0x0000022c55082540 Thread added: 0x0000022c709e33c0
Event: 0.068 Thread 0x0000022c55082540 Thread added: 0x0000022c70a05330
Event: 0.103 Thread 0x0000022c55082540 Thread added: 0x0000022c70bae270
Event: 0.108 Thread 0x0000022c55082540 Thread added: 0x0000022c70bceea0
Event: 0.117 Loaded shared library D:\ProgramData\Android\Android Studio\jbr\bin\net.dll
Event: 0.121 Loaded shared library D:\ProgramData\Android\Android Studio\jbr\bin\nio.dll
Event: 0.138 Thread 0x0000022c709e33c0 Thread added: 0x0000022c70c713e0
Event: 0.138 Thread 0x0000022c709e33c0 Thread added: 0x0000022c70c71a80
Event: 0.149 Loaded shared library D:\ProgramData\Android\Android Studio\jbr\bin\zip.dll
Event: 0.180 Loaded shared library D:\ProgramData\Android\Android Studio\jbr\bin\jimage.dll
Event: 0.542 Thread 0x0000022c70c71a80 Thread exited: 0x0000022c70c71a80
Event: 1.229 Thread 0x0000022c709e33c0 Thread added: 0x0000022c7616c7b0
Event: 1.836 Thread 0x0000022c7616c7b0 Thread exited: 0x0000022c7616c7b0
Event: 2.329 Thread 0x0000022c70c713e0 Thread exited: 0x0000022c70c713e0
Event: 2.605 Thread 0x0000022c70a05330 Thread added: 0x0000022c76be0b20
Event: 3.033 Thread 0x0000022c76be0b20 Thread exited: 0x0000022c76be0b20
Event: 3.099 Thread 0x0000022c70a05330 Thread added: 0x0000022c7833e0b0
Event: 3.556 Thread 0x0000022c70a05330 Thread added: 0x0000022c7824f260


Dynamic libraries:
0x00007ff7f9590000 - 0x00007ff7f959a000 	D:\ProgramData\Android\Android Studio\jbr\bin\java.exe
0x00007fff07110000 - 0x00007fff07308000 	C:\Windows\SYSTEM32\ntdll.dll
0x00007fff06e60000 - 0x00007fff06f22000 	C:\Windows\System32\KERNEL32.DLL
0x00007fff04a80000 - 0x00007fff04d77000 	C:\Windows\System32\KERNELBASE.dll
0x00007fff04f80000 - 0x00007fff05080000 	C:\Windows\System32\ucrtbase.dll
0x00007ffeec080000 - 0x00007ffeec098000 	D:\ProgramData\Android\Android Studio\jbr\bin\jli.dll
0x00007ffee87b0000 - 0x00007ffee87cb000 	D:\ProgramData\Android\Android Studio\jbr\bin\VCRUNTIME140.dll
0x00007fff05b70000 - 0x00007fff05d0d000 	C:\Windows\System32\USER32.dll
0x00007fff03bd0000 - 0x00007fff03e6a000 	C:\Windows\WinSxS\amd64_microsoft.windows.common-controls_6595b64144ccf1df_6.0.19041.5915_none_60b4b9d171f9c7c7\COMCTL32.dll
0x00007fff04870000 - 0x00007fff04892000 	C:\Windows\System32\win32u.dll
0x00007fff06f40000 - 0x00007fff06fde000 	C:\Windows\System32\msvcrt.dll
0x00007fff05b40000 - 0x00007fff05b6b000 	C:\Windows\System32\GDI32.dll
0x00007fff04e10000 - 0x00007fff04f29000 	C:\Windows\System32\gdi32full.dll
0x00007fff047d0000 - 0x00007fff0486d000 	C:\Windows\System32\msvcp_win.dll
0x00007fff058a0000 - 0x00007fff058cf000 	C:\Windows\System32\IMM32.DLL
0x00007ffefeb10000 - 0x00007ffefeb1c000 	D:\ProgramData\Android\Android Studio\jbr\bin\vcruntime140_1.dll
0x00007ffedc020000 - 0x00007ffedc0ad000 	D:\ProgramData\Android\Android Studio\jbr\bin\msvcp140.dll
0x00007ffea57b0000 - 0x00007ffea643b000 	D:\ProgramData\Android\Android Studio\jbr\bin\server\jvm.dll
0x00007fff05a80000 - 0x00007fff05b31000 	C:\Windows\System32\ADVAPI32.dll
0x00007fff05dd0000 - 0x00007fff05e6f000 	C:\Windows\System32\sechost.dll
0x00007fff065c0000 - 0x00007fff066e6000 	C:\Windows\System32\RPCRT4.dll
0x00007fff047a0000 - 0x00007fff047c7000 	C:\Windows\System32\bcrypt.dll
0x00007fff06050000 - 0x00007fff060bb000 	C:\Windows\System32\WS2_32.dll
0x00007fff04600000 - 0x00007fff0464b000 	C:\Windows\SYSTEM32\POWRPROF.dll
0x00007ffefa040000 - 0x00007ffefa067000 	C:\Windows\SYSTEM32\WINMM.dll
0x00007ffefa030000 - 0x00007ffefa03a000 	C:\Windows\SYSTEM32\VERSION.dll
0x00007fff045e0000 - 0x00007fff045f2000 	C:\Windows\SYSTEM32\UMPDC.dll
0x00007fff028e0000 - 0x00007fff028f2000 	C:\Windows\SYSTEM32\kernel.appcore.dll
0x00007ffefd830000 - 0x00007ffefd83a000 	D:\ProgramData\Android\Android Studio\jbr\bin\jimage.dll
0x00007fff04080000 - 0x00007fff04281000 	C:\Windows\SYSTEM32\DBGHELP.DLL
0x00007fff04040000 - 0x00007fff04074000 	C:\Windows\SYSTEM32\dbgcore.DLL
0x00007fff04d80000 - 0x00007fff04e02000 	C:\Windows\System32\bcryptPrimitives.dll
0x00007ffee86f0000 - 0x00007ffee8710000 	D:\ProgramData\Android\Android Studio\jbr\bin\java.dll
0x00007ffee84a0000 - 0x00007ffee84b8000 	D:\ProgramData\Android\Android Studio\jbr\bin\zip.dll
0x00007fff05130000 - 0x00007fff0589e000 	C:\Windows\System32\SHELL32.dll
0x00007fff02040000 - 0x00007fff027e4000 	C:\Windows\SYSTEM32\windows.storage.dll
0x00007fff06260000 - 0x00007fff065b3000 	C:\Windows\System32\combase.dll
0x00007fff03990000 - 0x00007fff039bb000 	C:\Windows\SYSTEM32\Wldp.dll
0x00007fff068a0000 - 0x00007fff0696d000 	C:\Windows\System32\OLEAUT32.dll
0x00007fff05e70000 - 0x00007fff05f1d000 	C:\Windows\System32\SHCORE.dll
0x00007fff05d70000 - 0x00007fff05dcb000 	C:\Windows\System32\shlwapi.dll
0x00007fff046d0000 - 0x00007fff046f4000 	C:\Windows\SYSTEM32\profapi.dll
0x00007ffeec070000 - 0x00007ffeec080000 	D:\ProgramData\Android\Android Studio\jbr\bin\net.dll
0x00007ffefd720000 - 0x00007ffefd82a000 	C:\Windows\SYSTEM32\WINHTTP.dll
0x00007fff03720000 - 0x00007fff0378a000 	C:\Windows\system32\mswsock.dll
0x00007ffee3410000 - 0x00007ffee3426000 	D:\ProgramData\Android\Android Studio\jbr\bin\nio.dll
0x00007ffed4560000 - 0x00007ffed4570000 	D:\ProgramData\Android\Android Studio\jbr\bin\verify.dll

dbghelp: loaded successfully - version: 4.0.5 - missing functions: none
symbol engine: initialized successfully - sym options: 0x614 - pdb path: .;D:\ProgramData\Android\Android Studio\jbr\bin;C:\Windows\SYSTEM32;C:\Windows\WinSxS\amd64_microsoft.windows.common-controls_6595b64144ccf1df_6.0.19041.5915_none_60b4b9d171f9c7c7;D:\ProgramData\Android\Android Studio\jbr\bin\server

VM Arguments:
java_command: org.jetbrains.kotlin.cli.jvm.K2JVMCompiler @D:\AndroidStudioProjects\public-transport-app\app\build\20250904_15669541790649040271.compiler.options
java_class_path (initial): C:\Users\diego\.gradle\caches\modules-2\files-2.1\org.jetbrains.kotlin\kotlin-compiler-embeddable\2.0.21\79346ed53db48b18312a472602eb5c057070c54d\kotlin-compiler-embeddable-2.0.21.jar;C:\Users\diego\.gradle\caches\modules-2\files-2.1\org.jetbrains.kotlin\kotlin-stdlib\2.0.21\618b539767b4899b4660a83006e052b63f1db551\kotlin-stdlib-2.0.21.jar;C:\Users\diego\.gradle\caches\modules-2\files-2.1\org.jetbrains.kotlin\kotlin-script-runtime\2.0.21\c9b044380ad41f89aa89aa896c2d32a8c0b2129d\kotlin-script-runtime-2.0.21.jar;C:\Users\diego\.gradle\caches\modules-2\files-2.1\org.jetbrains.kotlin\kotlin-reflect\1.6.10\1cbe9c92c12a94eea200d23c2bbaedaf3daf5132\kotlin-reflect-1.6.10.jar;C:\Users\diego\.gradle\caches\modules-2\files-2.1\org.jetbrains.kotlin\kotlin-daemon-embeddable\2.0.21\c9e933b23287de9b5a17e2116b4657bb91aea72c\kotlin-daemon-embeddable-2.0.21.jar;C:\Users\diego\.gradle\caches\modules-2\files-2.1\org.jetbrains.intellij.deps\trove4j\1.0.20200330\3afb14d5f9ceb459d724e907a21145e8ff394f02\trove4j-1.0.20200330.jar;C:\Users\diego\.gradle\caches\modules-2\files-2.1\org.jetbrains.kotlinx\kotlinx-coroutines-core-jvm\1.6.4\2c997cd1c0ef33f3e751d3831929aeff1390cb30\kotlinx-coroutines-core-jvm-1.6.4.jar;C:\Users\diego\.gradle\caches\modules-2\files-2.1\org.jetbrains\annotations\13.0\919f0dfe192fb4e063e7dacadee7f8bb9a2672a9\annotations-13.0.jar
Launcher Type: SUN_STANDARD

[Global flags]
     intx CICompilerCount                          = 4                                         {product} {ergonomic}
     uint ConcGCThreads                            = 2                                         {product} {ergonomic}
     uint G1ConcRefinementThreads                  = 8                                         {product} {ergonomic}
   size_t G1HeapRegionSize                         = 2097152                                   {product} {ergonomic}
    uintx GCDrainStackTargetSize                   = 64                                        {product} {ergonomic}
   size_t InitialHeapSize                          = 234881024                                 {product} {ergonomic}
   size_t MarkStackSize                            = 4194304                                   {product} {ergonomic}
   size_t MaxHeapSize                              = 3737124864                                {product} {ergonomic}
   size_t MaxNewSize                               = 2241855488                                {product} {ergonomic}
   size_t MinHeapDeltaBytes                        = 2097152                                   {product} {ergonomic}
   size_t MinHeapSize                              = 8388608                                   {product} {ergonomic}
    uintx NonNMethodCodeHeapSize                   = 5839372                                {pd product} {ergonomic}
    uintx NonProfiledCodeHeapSize                  = 122909434                              {pd product} {ergonomic}
    uintx ProfiledCodeHeapSize                     = 122909434                              {pd product} {ergonomic}
    uintx ReservedCodeCacheSize                    = 251658240                              {pd product} {ergonomic}
     bool SegmentedCodeCache                       = true                                      {product} {ergonomic}
   size_t SoftMaxHeapSize                          = 3737124864                             {manageable} {ergonomic}
     bool UseCompressedOops                        = true                           {product lp64_product} {ergonomic}
     bool UseG1GC                                  = true                                      {product} {ergonomic}
     bool UseLargePagesIndividualAllocation        = false                                  {pd product} {ergonomic}

Logging:
Log output configuration:
 #0: stdout all=warning uptime,level,tags foldmultilines=false
 #1: stderr all=off uptime,level,tags foldmultilines=false

Environment Variables:
PATH=C:\Python313\Scripts\;C:\Python313\;C:\Program Files\Common Files\Oracle\Java\javapath;D:\ProgramData\Python311\Scripts\;D:\ProgramData\Python311\;C:\Windows\system32;C:\Windows;C:\Windows\System32\Wbem;C:\Windows\System32\WindowsPowerShell\v1.0\;C:\Windows\System32\OpenSSH\;D:\ProgramData\Git\cmd;D:\ProgramData\MongoDB\mongodb_tools\bin;D:\ProgramData\Java\jdk-21\bin;D:\ProgramData\Graphviz\bin;C:\minikube;D:\ProgramData\terraform_1.9.3_windows_amd64;D:\ProgramData\cmake\bin;D:\ProgramData\MinGW\bin;;D:\ProgramData\nodejs\;C:\ProgramData\chocolatey\bin;D:\ProgramData\Strawberry\c\bin;D:\ProgramData\Strawberry\perl\site\bin;D:\ProgramData\Strawberry\perl\bin;C:\Program Files\Docker\Docker\resources\bin;C:\Users\diego\AppData\Local\Microsoft\WindowsApps;D:\ProgramData\mongosh\;D:\ProgramData\Microsoft VS Code\bin;D:\ProgramData\Julia-1.10.5\bin;C:\Users\diego\AppData\Roaming\npm;D:\ProgramData\MiKTeX\miktex\bin\x64\
USERNAME=diego
OS=Windows_NT
PROCESSOR_IDENTIFIER=AMD64 Family 23 Model 24 Stepping 1, AuthenticAMD
TMP=C:\Users\diego\AppData\Local\Temp
TEMP=C:\Users\diego\AppData\Local\Temp




Periodic native trim disabled

JNI global refs:
JNI global refs: 14, weak refs: 7

JNI global refs memory usage: 835, weak refs: 833

Process memory usage:
Resident Set Size: 187156K (1% of 14591504K total physical memory with 3633208K free physical memory)

OOME stack traces (most recent first):
Classloader memory used:
Loader jdk.internal.loader.ClassLoaders$AppClassLoader                                 : 32455K
Loader bootstrap                                                                       : 10318K
Loader java.net.URLClassLoader                                                         : 103K

---------------  S Y S T E M  ---------------

OS:
 Windows 10 , 64 bit Build 19041 (10.0.19041.5915)
OS uptime: 0 days 0:59 hours
Hyper-V role detected

CPU: total 8 (initial active 8) (8 cores per cpu, 2 threads per core) family 23 model 24 stepping 1 microcode 0x0, cx8, cmov, fxsr, ht, mmx, 3dnowpref, sse, sse2, sse3, ssse3, sse4a, sse4.1, sse4.2, popcnt, lzcnt, tsc, tscinvbit, avx, avx2, aes, clmul, bmi1, bmi2, adx, sha, fma, vzeroupper, clflush, clflushopt, hv, rdtscp, f16c
Processor Information for the first 8 processors :
  Max Mhz: 2300, Current Mhz: 2300, Mhz Limit: 2300

Memory: 4k page, system-wide physical 14249M (3548M free)
TotalPageFile size 26537M (AvailPageFile size 15105M)
current process WorkingSet (physical memory assigned to process): 183M, peak: 183M
current process commit charge ("private bytes"): 301M, peak: 330M

vm_info: OpenJDK 64-Bit Server VM (21.0.6+-13391695-b895.109) for windows-amd64 JRE (21.0.6+-13391695-b895.109), built on 2025-04-22T21:19:17Z by "builder" with MS VC++ 16.10 / 16.11 (VS2019)

END.
